// Jest Snapshot v1, https://goo.gl/fbAQLP

exports[`Operators component should render correctly 1`] = `
<View
  style={
    Object {
      "flexDirection": "row",
      "height": 48,
    }
  }
>
  <View
    accessible={true}
    collapsable={false}
    focusable={true}
    onClick={[Function]}
    onResponderGrant={[Function]}
    onResponderMove={[Function]}
    onResponderRelease={[Function]}
    onResponderTerminate={[Function]}
    onResponderTerminationRequest={[Function]}
    onStartShouldSetResponder={[Function]}
    style={
      Object {
        "alignItems": "center",
        "backgroundColor": "#f1faee",
        "borderRadius": 8,
        "fontSize": 22,
        "height": 32,
        "justifyContent": "center",
        "margin": 4,
        "opacity": 1,
        "paddingLeft": 4,
        "paddingRight": 4,
        "shadowOffset": Object {
          "height": 1,
          "width": 1,
        },
        "shadowOpacity": 0.75,
        "shadowRadius": 1,
        "width": 32,
      }
    }
  >
    <Text>
      +
    </Text>
  </View>
  <View
    accessible={true}
    collapsable={false}
    focusable={true}
    onClick={[Function]}
    onResponderGrant={[Function]}
    onResponderMove={[Function]}
    onResponderRelease={[Function]}
    onResponderTerminate={[Function]}
    onResponderTerminationRequest={[Function]}
    onStartShouldSetResponder={[Function]}
    style={
      Object {
        "alignItems": "center",
        "backgroundColor": "#fff",
        "borderRadius": 8,
        "fontSize": 22,
        "height": 32,
        "justifyContent": "center",
        "margin": 4,
        "opacity": 1,
        "paddingLeft": 4,
        "paddingRight": 4,
        "shadowOffset": Object {
          "height": 1,
          "width": 1,
        },
        "shadowOpacity": 0.75,
        "shadowRadius": 1,
        "width": 32,
      }
    }
  >
    <Text>
      -
    </Text>
  </View>
  <View
    accessible={true}
    collapsable={false}
    focusable={true}
    onClick={[Function]}
    onResponderGrant={[Function]}
    onResponderMove={[Function]}
    onResponderRelease={[Function]}
    onResponderTerminate={[Function]}
    onResponderTerminationRequest={[Function]}
    onStartShouldSetResponder={[Function]}
    style={
      Object {
        "alignItems": "center",
        "backgroundColor": "#fff",
        "borderRadius": 8,
        "fontSize": 22,
        "height": 32,
        "justifyContent": "center",
        "margin": 4,
        "opacity": 1,
        "paddingLeft": 4,
        "paddingRight": 4,
        "shadowOffset": Object {
          "height": 1,
          "width": 1,
        },
        "shadowOpacity": 0.75,
        "shadowRadius": 1,
        "width": 32,
      }
    }
  >
    <Text>
      *
    </Text>
  </View>
  <View
    accessible={true}
    collapsable={false}
    focusable={true}
    onClick={[Function]}
    onResponderGrant={[Function]}
    onResponderMove={[Function]}
    onResponderRelease={[Function]}
    onResponderTerminate={[Function]}
    onResponderTerminationRequest={[Function]}
    onStartShouldSetResponder={[Function]}
    style={
      Object {
        "alignItems": "center",
        "backgroundColor": "#fff",
        "borderRadius": 8,
        "fontSize": 22,
        "height": 32,
        "justifyContent": "center",
        "margin": 4,
        "opacity": 1,
        "paddingLeft": 4,
        "paddingRight": 4,
        "shadowOffset": Object {
          "height": 1,
          "width": 1,
        },
        "shadowOpacity": 0.75,
        "shadowRadius": 1,
        "width": 32,
      }
    }
  >
    <Text>
      /
    </Text>
  </View>
</View>
`;
